
Marcelo@Marcelo MINGW64 /c/xampp/htdocs/PHP_HCODE
$ GIT INIT
git: 'INIT' is not a git command. See 'git --help'.

Marcelo@Marcelo MINGW64 /c/xampp/htdocs/PHP_HCODE
$ git init
Initialized empty Git repository in C:/xampp/htdocs/PHP_HCODE/.git/

Marcelo@Marcelo MINGW64 /c/xampp/htdocs/PHP_HCODE (master)
$ git add hellow.php

Marcelo@Marcelo MINGW64 /c/xampp/htdocs/PHP_HCODE (master)
$ git add --all

Marcelo@Marcelo MINGW64 /c/xampp/htdocs/PHP_HCODE (master)
$ git commit -m "meu primeiro commit hellow"
[master (root-commit) fc41965] meu primeiro commit hellow
 1 file changed, 18 insertions(+)
 create mode 100644 hellow.php

Marcelo@Marcelo MINGW64 /c/xampp/htdocs/PHP_HCODE (master)
$ git remote add origin https://github.com/marcelorosasilva/php7.git

Marcelo@Marcelo MINGW64 /c/xampp/htdocs/PHP_HCODE (master)
$ git config --global user.name "Marcelo"

Marcelo@Marcelo MINGW64 /c/xampp/htdocs/PHP_HCODE (master)
$ git config --global user.email "marcelos35@gmail.com"

Marcelo@Marcelo MINGW64 /c/xampp/htdocs/PHP_HCODE (master)
$ git push origin mestre
error: src refspec mestre does not match any
error: failed to push some refs to 'https://github.com/marcelorosasilva/php7.git'

Marcelo@Marcelo MINGW64 /c/xampp/htdocs/PHP_HCODE (master)
$ git push origin master
To https://github.com/marcelorosasilva/php7.git
 ! [rejected]        master -> master (fetch first)
error: failed to push some refs to 'https://github.com/marcelorosasilva/php7.git
hint: Updates were rejected because the remote contains work that you do not
hint: have locally. This is usually caused by another repository pushing to
hint: the same ref. If you want to integrate the remote changes, use
hint: 'git pull' before pushing again.
hint: See the 'Note about fast-forwards' in 'git push --help' for details.

Marcelo@Marcelo MINGW64 /c/xampp/htdocs/PHP_HCODE (master)
$ git remote update
remote: Enumerating objects: 4, done.
remote: Counting objects: 100% (4/4), done.
remote: Compressing objects: 100% (3/3), done.
remote: Total 4 (delta 0), reused 0 (delta 0), pack-reused 0 (from 0)
Unpacking objects: 100% (4/4), 1.04 KiB | 48.00 KiB/s, done.
From https://github.com/marcelorosasilva/php7
 * [new branch]      master     -> origin/master

Marcelo@Marcelo MINGW64 /c/xampp/htdocs/PHP_HCODE (master)
$ git reset upstream/master
fatal: ambiguous argument 'upstream/master': unknown revision or path not in the working tree.
Use '--' to separate paths from revisions, like this:
'git <command> [<revision>...] -- [<file>...]'

Marcelo@Marcelo MINGW64 /c/xampp/htdocs/PHP_HCODE (master)
$ git pull -r upstream master
fatal: 'upstream' does not appear to be a git repository
fatal: Could not read from remote repository.

Please make sure you have the correct access rights
and the repository exists.

Marcelo@Marcelo MINGW64 /c/xampp/htdocs/PHP_HCODE (master)
$ git pull -r origin/master
fatal: 'origin/master' does not appear to be a git repository
fatal: Could not read from remote repository.

Please make sure you have the correct access rights
and the repository exists.

Marcelo@Marcelo MINGW64 /c/xampp/htdocs/PHP_HCODE (master)
$ git pull -r origin master
From https://github.com/marcelorosasilva/php7
 * branch            master     -> FETCH_HEAD
Successfully rebased and updated refs/heads/master.

Marcelo@Marcelo MINGW64 /c/xampp/htdocs/PHP_HCODE (master)
$ git add --all

Marcelo@Marcelo MINGW64 /c/xampp/htdocs/PHP_HCODE (master)
$ ^C

Marcelo@Marcelo MINGW64 /c/xampp/htdocs/PHP_HCODE (master)
$ git commit -m "Arquivo de texto"
[master c22dd07] Arquivo de texto
 1 file changed, 24 insertions(+)
 create mode 100644 git.txt

Marcelo@Marcelo MINGW64 /c/xampp/htdocs/PHP_HCODE (master)
$ git pull -r origin master
From https://github.com/marcelorosasilva/php7
 * branch            master     -> FETCH_HEAD
Current branch master is up to date.

Marcelo@Marcelo MINGW64 /c/xampp/htdocs/PHP_HCODE (master)
$ git push origin master
Enumerating objects: 7, done.
Counting objects: 100% (7/7), done.
Delta compression using up to 4 threads
Compressing objects: 100% (6/6), done.
Writing objects: 100% (6/6), 993 bytes | 496.00 KiB/s, done.
Total 6 (delta 1), reused 0 (delta 0), pack-reused 0 (from 0)
remote: Resolving deltas: 100% (1/1), done.
To https://github.com/marcelorosasilva/php7.git
   d0460bd..c22dd07  master -> master

Marcelo@Marcelo MINGW64 /c/xampp/htdocs/PHP_HCODE (master)
$ ^C

Marcelo@Marcelo MINGW64 /c/xampp/htdocs/PHP_HCODE (master)
$


